[boldfix] round 1: 85 file(s) queued (concurrency=4)
[boldfix] finished boldfix_kor_src_ml1_chapter01_1 result=unknown elapsed=183s :: 
[boldfix] finished boldfix_kor_src_ml1_chapter01_3 result=unknown elapsed=402s :: 
[boldfix] finished boldfix_kor_src_ml1_chapter02_2 result=unknown elapsed=548s :: 
[boldfix] finished boldfix_kor_src_ml1_chapter02_3 result=unknown elapsed=381s :: 
[boldfix] finished boldfix_kor_src_ml1_chapter02_1 result=unknown elapsed=869s :: 
[boldfix] finished boldfix_kor_src_ml1_chapter01_2 result=failed elapsed=900s :: 타임아웃
[boldfix] finished boldfix_kor_src_ml1_chapter04_1 result=unknown elapsed=91s :: 
[boldfix] finished boldfix_kor_src_ml1_chapter03_3 result=unknown elapsed=379s :: 
[boldfix] finished boldfix_kor_src_ml1_chapter04_3 result=unknown elapsed=222s :: 
[boldfix] finished boldfix_kor_src_ml1_chapter05_2 result=unknown elapsed=154s :: 
[boldfix] finished boldfix_kor_src_ml1_chapter04_2 result=unknown elapsed=482s :: 
[boldfix] finished boldfix_kor_src_ml1_chapter03_1 result=unknown elapsed=737s :: 
[boldfix] finished boldfix_kor_src_ml1_chapter06_3 result=unknown elapsed=115s :: 
[boldfix] finished boldfix_kor_src_ml1_chapter05_3 result=unknown elapsed=264s :: 
[boldfix] finished boldfix_kor_src_ml1_chapter07_1 result=unknown elapsed=467s :: 
[boldfix] finished boldfix_kor_src_ml1_chapter05_1 result=unknown elapsed=895s :: 
[boldfix] finished boldfix_kor_src_ml1_chapter08_2 result=unknown elapsed=173s :: 
[boldfix] finished boldfix_kor_src_ml1_chapter06_2 result=unknown elapsed=844s :: 
[boldfix] finished boldfix_kor_src_ml1_chapter07_3 result=unknown elapsed=803s :: 
[boldfix] finished boldfix_kor_src_ml1_chapter09_1 result=unknown elapsed=187s :: 
[boldfix] finished boldfix_kor_src_ml1_chapter08_3 result=unknown elapsed=553s :: 
[boldfix] finished boldfix_kor_src_ml1_chapter09_2 result=unknown elapsed=393s :: 
[boldfix] finished boldfix_kor_src_ml1_chapter10 result=unknown elapsed=310s :: 
[boldfix] finished boldfix_kor_src_ml1_chapter11 result=unknown elapsed=223s :: 
[boldfix] finished boldfix_kor_src_ml1_chapter11_1 result=unknown elapsed=201s :: 
[boldfix] finished boldfix_kor_src_ml1_chapter10_1 result=unknown elapsed=514s :: 
[boldfix] finished boldfix_kor_src_ml1_chapter09_3 result=failed elapsed=900s :: 타임아웃
[boldfix] finished boldfix_kor_src_ml1_chapter11_2 result=unknown elapsed=703s :: 
[boldfix] finished boldfix_kor_src_ml1_chapter11_3 result=unknown elapsed=819s :: 
[boldfix] finished boldfix_kor_src_ml1_chapter12_1 result=failed elapsed=900s :: 타임아웃
[boldfix] finished boldfix_kor_src_ml1_chapter13_2 result=unknown elapsed=89s :: 
[boldfix] finished boldfix_kor_src_ml1_chapter12_2 result=failed elapsed=900s :: 타임아웃
[boldfix] finished boldfix_kor_src_ml1_chapter13_1 result=unknown elapsed=484s :: 
[boldfix] finished boldfix_kor_src_ml1_chapter12_3 result=failed elapsed=900s :: 타임아웃
[boldfix] finished boldfix_kor_src_ml1_chapter14_3 result=unknown elapsed=165s :: 
[boldfix] finished boldfix_kor_src_ml1_chapter14_1 result=unknown elapsed=632s :: 
[boldfix] finished boldfix_kor_src_ml1_chapter14_2 result=unknown elapsed=745s :: 
[boldfix] finished boldfix_kor_src_ml1_chapter15_3 result=unknown elapsed=137s :: 
[boldfix] finished boldfix_kor_src_ml1_chapter13_3 result=failed elapsed=900s :: 타임아웃
[boldfix] finished boldfix_kor_src_ml1_chapter15_2 result=unknown elapsed=408s :: 
[boldfix] finished boldfix_kor_src_ml1_chapter16_3 result=unknown elapsed=606s :: 
[boldfix] finished boldfix_kor_src_ml1_chapter16_1 result=failed elapsed=900s :: 타임아웃
[boldfix] finished boldfix_kor_src_ml1_chapter16_2 result=failed elapsed=900s :: 타임아웃
[boldfix] finished boldfix_kor_src_ml2_chapter01_1 result=failed elapsed=900s :: 타임아웃
[boldfix] finished boldfix_kor_src_ml2_chapter01_2 result=unknown elapsed=754s :: 
[boldfix] finished boldfix_kor_src_ml2_chapter01_3 result=unknown elapsed=523s :: 
[boldfix] finished boldfix_kor_src_ml2_chapter02_2 result=unknown elapsed=621s :: 
[boldfix] finished boldfix_kor_src_ml2_chapter02_1 result=unknown elapsed=899s :: 
[boldfix] finished boldfix_kor_src_ml2_chapter03_3 result=unknown elapsed=603s :: 
[boldfix] finished boldfix_kor_src_ml2_chapter03_2 result=unknown elapsed=675s :: 
[boldfix] finished boldfix_kor_src_ml2_chapter04_2 result=unknown elapsed=403s :: 
[boldfix] finished boldfix_kor_src_ml2_chapter04_3 result=unknown elapsed=312s :: 
[boldfix] finished boldfix_kor_src_ml2_chapter04_1 result=failed elapsed=900s :: 타임아웃
[boldfix] finished boldfix_kor_src_ml2_chapter05_1 result=unknown elapsed=435s :: 
[boldfix] finished boldfix_kor_src_ml2_chapter05_3 result=unknown elapsed=329s :: 
[boldfix] finished boldfix_kor_src_ml2_chapter05_2 result=unknown elapsed=617s :: 
[boldfix] finished boldfix_kor_src_ml2_chapter07_1 result=unknown elapsed=114s :: 
[boldfix] finished boldfix_kor_src_ml2_chapter06_1 result=failed elapsed=900s :: 타임아웃
[boldfix] finished boldfix_kor_src_ml2_chapter06_2 result=failed elapsed=900s :: 타임아웃
[boldfix] finished boldfix_kor_src_ml2_chapter07_2 result=unknown elapsed=517s :: 
[boldfix] finished boldfix_kor_src_ml2_chapter08_2 result=unknown elapsed=128s :: 
[boldfix] finished boldfix_kor_src_ml2_chapter06_3 result=failed elapsed=900s :: 타임아웃
[boldfix] finished boldfix_kor_src_ml2_chapter08_1 result=unknown elapsed=300s :: 
[boldfix] finished boldfix_kor_src_ml2_chapter08_3 result=failed elapsed=900s :: 타임아웃
[boldfix] finished boldfix_kor_src_ml2_chapter09_1 result=failed elapsed=900s :: 타임아웃
[boldfix] finished boldfix_kor_src_ml2_chapter09_2 result=failed elapsed=900s :: 타임아웃
[boldfix] finished boldfix_kor_src_ml2_chapter09_3 result=failed elapsed=900s :: 타임아웃
[boldfix] finished boldfix_kor_src_ml2_chapter10_3 result=unknown elapsed=141s :: 
[boldfix] finished boldfix_kor_src_ml2_chapter11_1 result=unknown elapsed=188s :: 
[boldfix] finished boldfix_kor_src_ml2_chapter11_3 result=unknown elapsed=255s :: 
[boldfix] finished boldfix_kor_src_ml2_chapter11_2 result=unknown elapsed=398s :: 
[boldfix] finished boldfix_kor_src_ml2_chapter12_1 result=unknown elapsed=311s :: 
[boldfix] finished boldfix_kor_src_ml2_chapter12_3 result=unknown elapsed=117s :: 
[boldfix] finished boldfix_kor_src_ml2_chapter13_1 result=unknown elapsed=258s :: 
[boldfix] finished boldfix_kor_src_ml2_chapter10_1 result=failed elapsed=900s :: 타임아웃
[boldfix] finished boldfix_kor_src_ml2_chapter14_1 result=unknown elapsed=305s :: 
[boldfix] finished boldfix_kor_src_ml2_chapter12_2 result=failed elapsed=900s :: 타임아웃
[boldfix] finished boldfix_kor_src_ml2_chapter14_3 result=unknown elapsed=280s :: 
[boldfix] finished boldfix_kor_src_ml2_chapter14_2 result=unknown elapsed=666s :: 
[boldfix] finished boldfix_kor_src_ml2_chapter13_3 result=failed elapsed=900s :: 타임아웃
[boldfix] finished boldfix_kor_src_ml2_chapter16_3 result=unknown elapsed=249s :: 
[boldfix] finished boldfix_kor_src_toc result=unknown elapsed=142s :: 
[boldfix] finished boldfix_kor_src_ml2_chapter15_2 result=unknown elapsed=582s :: 
[boldfix] finished boldfix_kor_src_ml2_chapter15_1 result=unknown elapsed=816s :: 
[boldfix] finished boldfix_kor_src_ml2_chapter15_3 result=unknown elapsed=699s :: 
[boldfix] round 1 drained.
[boldfix] round 2: 85 file(s) queued (concurrency=4)
