[nbcaption] round 1: 71 notebook(s) queued (concurrency=8)
[nbcaption] finished capt_notebooks_ml1_chapter07_3_gbdt_shap result=unknown elapsed=128s :: 
[nbcaption] finished capt_notebooks_ml1_chapter08_2_peer_review_metrics result=unknown elapsed=137s :: 
[nbcaption] finished capt_notebooks_ml1_chapter10_1_conv_output_size result=unknown elapsed=211s :: 
[nbcaption] finished capt_notebooks_ml1_chapter11_1_rnn_forward result=unknown elapsed=90s :: 
[nbcaption] finished capt_notebooks_ml1_chapter08_3_review_diagnostic result=unknown elapsed=252s :: 
[nbcaption] finished capt_notebooks_ml1_chapter10_3_detection_segmentation_transfer result=unknown elapsed=158s :: 
[nbcaption] finished capt_notebooks_ml1_chapter09_3_regularization_lr_schedule result=unknown elapsed=302s :: 
[nbcaption] finished capt_notebooks_ml1_chapter09_1_backprop_xor result=unknown elapsed=342s :: 
[nbcaption] finished capt_notebooks_ml1_chapter10_2_pooling_resnet result=unknown elapsed=424s :: 
[nbcaption] finished capt_notebooks_ml1_chapter12_1_qkv result=unknown elapsed=181s :: 
[nbcaption] finished capt_notebooks_ml1_chapter11_2_bptt_char_rnn result=unknown elapsed=264s :: 
[nbcaption] finished capt_notebooks_ml1_chapter13_1_next_token_lm result=unknown elapsed=191s :: 
[nbcaption] finished capt_notebooks_ml1_chapter13_2_prompting_cot result=unknown elapsed=155s :: 
[nbcaption] finished capt_notebooks_ml1_chapter09_2_vanishing_gradients result=unknown elapsed=606s :: 
[nbcaption] finished capt_notebooks_ml1_chapter13_3_posttraining_alignment result=unknown elapsed=258s :: 
[nbcaption] finished capt_notebooks_ml1_chapter15_2_vae_elbo result=unknown elapsed=187s :: 
[nbcaption] finished capt_notebooks_ml1_chapter15_vae_elbo result=unknown elapsed=56s :: 
[nbcaption] finished capt_notebooks_ml1_chapter11_3_lstm_gates result=unknown elapsed=649s :: 
[nbcaption] finished capt_notebooks_ml1_chapter12_3_multihead_positional result=unknown elapsed=588s :: 
[nbcaption] finished capt_notebooks_ml1_chapter15_3_gan_diffusion result=unknown elapsed=208s :: 
[nbcaption] finished capt_notebooks_ml1_chapter16_3_final_project_review result=unknown elapsed=90s :: 
[nbcaption] finished capt_notebooks_ml1_chapter16_2_deep_review result=unknown elapsed=126s :: 
[nbcaption] finished capt_notebooks_ml1_chapter12_2_scaled_dot_attention result=unknown elapsed=737s :: 
[nbcaption] finished capt_notebooks_ml1_chapter14_3_node2vec_pagerank result=unknown elapsed=528s :: 
[nbcaption] finished capt_notebooks_ml2_chapter01_2_nn_mini_review result=unknown elapsed=130s :: 
[nbcaption] finished capt_notebooks_ml1_chapter16_1_dl_baseline result=unknown elapsed=295s :: 
[nbcaption] finished capt_notebooks_ml2_chapter02_3_bandit_to_mdp result=unknown elapsed=89s :: 
[nbcaption] finished capt_notebooks_ml1_chapter14_2_word2vec result=unknown elapsed=681s :: 
[nbcaption] finished capt_notebooks_ml2_chapter01_1_rl_roadmap result=unknown elapsed=312s :: 
[nbcaption] finished capt_notebooks_ml2_chapter03_1_mdp_elements result=unknown elapsed=147s :: 
[nbcaption] finished capt_notebooks_ml2_chapter03_3_bellman_value result=unknown elapsed=150s :: 
[nbcaption] finished capt_notebooks_ml2_chapter02_1_epsilon_greedy result=unknown elapsed=304s :: 
[nbcaption] finished capt_notebooks_ml2_chapter04_3_value_iteration_banach result=unknown elapsed=110s :: 
[nbcaption] finished capt_notebooks_ml2_chapter04_1_bellman_policy_evaluation result=unknown elapsed=224s :: 
[nbcaption] finished capt_notebooks_ml2_chapter04_2_policy_iteration result=unknown elapsed=207s :: 
[nbcaption] finished capt_notebooks_ml2_chapter05_2_mc_control_blackjack result=unknown elapsed=125s :: 
[nbcaption] finished capt_notebooks_ml1_chapter15_1_em_gmm result=failed elapsed=901s :: 타임아웃
[nbcaption] finished capt_notebooks_ml2_chapter06_2_sarsa_cliffwalking result=unknown elapsed=107s :: 
[nbcaption] finished capt_notebooks_ml2_chapter03_2_discounted_return result=unknown elapsed=446s :: 
[nbcaption] finished capt_notebooks_ml2_chapter02_2_ucb_optimistic_init result=unknown elapsed=589s :: 
[nbcaption] finished capt_notebooks_ml2_chapter06_3_q_sarsa_cliffwalk result=unknown elapsed=197s :: 
[nbcaption] finished capt_notebooks_ml2_chapter07_1_n_step_td result=unknown elapsed=155s :: 
[nbcaption] finished capt_notebooks_ml2_chapter08_3_review_diagnostic result=unknown elapsed=91s :: 
[nbcaption] finished capt_notebooks_ml2_chapter05_3_importance_sampling result=unknown elapsed=348s :: 
[nbcaption] finished capt_notebooks_ml2_chapter08_2_peer_review_sim result=unknown elapsed=222s :: 
[nbcaption] finished capt_notebooks_ml2_chapter09_3_experience_replay_cartpole result=unknown elapsed=124s :: 
[nbcaption] finished capt_notebooks_ml2_chapter05_1_mc_prediction_lawnmower result=unknown elapsed=570s :: 
[nbcaption] finished capt_notebooks_ml2_chapter09_2_target_network result=unknown elapsed=239s :: 
[nbcaption] finished capt_notebooks_ml2_chapter10_1_policy_gradient result=unknown elapsed=164s :: 
[nbcaption] finished capt_notebooks_ml2_chapter06_1_td0_bootstrap result=unknown elapsed=530s :: 
[nbcaption] finished capt_notebooks_ml2_chapter09_1_qnet_generalization result=unknown elapsed=343s :: 
[nbcaption] finished capt_notebooks_ml2_chapter11_1_trust_region_ratio result=unknown elapsed=222s :: 
[nbcaption] finished capt_notebooks_ml2_chapter10_reinforce_ppo result=unknown elapsed=243s :: 
[nbcaption] finished capt_notebooks_ml2_chapter08_1_team_project result=unknown elapsed=624s :: 
[nbcaption] finished capt_notebooks_ml2_chapter10_2_reinforce result=unknown elapsed=348s :: 
[nbcaption] finished capt_notebooks_ml2_chapter10_3_actor_critic result=unknown elapsed=346s :: 
[nbcaption] finished capt_notebooks_ml2_chapter11_2_ppo_clip_pendulum result=unknown elapsed=327s :: 
[nbcaption] finished capt_notebooks_ml2_chapter11_3_gae_ppo result=unknown elapsed=304s :: 
[nbcaption] finished capt_notebooks_ml2_chapter12_2_prefer_reward result=unknown elapsed=177s :: 
[nbcaption] finished capt_notebooks_ml2_chapter12_1_behavior_cloning_dagger result=unknown elapsed=311s :: 
[nbcaption] finished capt_notebooks_ml2_chapter12_3_bc_rl_gridworld result=unknown elapsed=197s :: 
[nbcaption] finished capt_notebooks_ml2_chapter13_1_sim_to_real result=unknown elapsed=171s :: 
[nbcaption] finished capt_notebooks_ml2_chapter14_2_gpu_batch_sim result=unknown elapsed=122s :: 
[nbcaption] finished capt_notebooks_ml2_chapter15_3_multiagent_dynamics result=unknown elapsed=124s :: 
[nbcaption] finished capt_notebooks_ml2_chapter16_3_one_mdp_four_paths result=unknown elapsed=257s :: 
[nbcaption] finished capt_notebooks_ml2_chapter14_3_tool_selection result=unknown elapsed=402s :: 
[nbcaption] finished capt_notebooks_ml2_chapter16_1_capstone_protocol result=unknown elapsed=353s :: 
[nbcaption] finished capt_notebooks_ml2_chapter15_2_mcts_nim result=unknown elapsed=403s :: 
[nbcaption] finished capt_notebooks_ml2_chapter13_2_robot_envs result=unknown elapsed=526s :: 
[nbcaption] finished capt_notebooks_ml2_chapter14_1_mujoco_pd_pendulum result=unknown elapsed=691s :: 
[nbcaption] finished capt_notebooks_ml2_chapter16_2_neural_review result=unknown elapsed=580s :: 
[nbcaption] round 1 drained.
[nbcaption] round 2: 2 notebook(s) queued (concurrency=8)
[nbcaption] finished capt_notebooks_ml1_chapter07_3_gbdt_shap result=unknown elapsed=139s :: 
[nbcaption] finished capt_notebooks_ml2_chapter11_3_gae_ppo result=unknown elapsed=207s :: 
[nbcaption] round 2 drained.
[nbcaption] round 3: 1 notebook(s) queued (concurrency=8)
[nbcaption] finished capt_notebooks_ml1_chapter07_3_gbdt_shap result=unknown elapsed=103s :: 
[nbcaption] round 3 drained.
[nbcaption] no notebooks left to attempt (all done or all stuck at 3+ failures). Stopping.
